ðŸŒŸ This was machine generated.  Do not edit. ðŸŒŸ

Frame[0] 
Name: commits
Dimensions: 7 Fields by 2 Rows
+----------------+-----------------+--------------------+--------------------+----------------------+---------------------------------+---------------------------------+
| Name: id       | Name: author    | Name: author_login | Name: author_email | Name: author_company | Name: commited_at               | Name: pushed_at                 |
| Labels:        | Labels:         | Labels:            | Labels:            | Labels:              | Labels:                         | Labels:                         |
| Type: []string | Type: []string  | Type: []string     | Type: []string     | Type: []string       | Type: []time.Time               | Type: []time.Time               |
+----------------+-----------------+--------------------+--------------------+----------------------+---------------------------------+---------------------------------+
|                | firstCommitter  | firstCommitter     | first@example.com  | ACME Corp            | 2020-08-25 16:21:56 +0000 +0000 | 2020-08-25 16:23:56 +0000 +0000 |
|                | secondCommitter | secondCommitter    | second@example.com | ACME Corp            | 2020-08-25 17:21:56 +0000 +0000 | 2020-08-25 18:21:56 +0000 +0000 |
+----------------+-----------------+--------------------+--------------------+----------------------+---------------------------------+---------------------------------+


====== TEST DATA RESPONSE (arrow base64) ======
FRAME=QVJST1cxAAD/////eAMAABAAAAAAAAoADgAMAAsABAAKAAAAFAAAAAAAAAEDAAoADAAAAAgABAAKAAAACAAAAFQAAAACAAAAKAAAAAQAAAAI/f//CAAAAAwAAAAAAAAAAAAAAAUAAAByZWZJZAAAACj9//8IAAAAEAAAAAcAAABjb21taXRzAAQAAABuYW1lAAAAAAcAAACQAgAAIAIAALQBAABIAQAA3AAAAGwAAAAEAAAAnv3//xQAAABAAAAAQAAAAAAAAApAAAAAAQAAAAQAAACM/f//CAAAABQAAAAJAAAAcHVzaGVkX2F0AAAABAAAAG5hbWUAAAAAAAAAAJr///8AAAMACQAAAHB1c2hlZF9hdAAAAAL+//8UAAAAQAAAAEgAAAAAAAAKSAAAAAEAAAAEAAAA8P3//wgAAAAUAAAACwAAAGNvbW1pdGVkX2F0AAQAAABuYW1lAAAAAAAAAAAAAAYACAAGAAYAAAAAAAMACwAAAGNvbW1pdGVkX2F0AG7+//8UAAAARAAAAEQAAAAAAAAFQAAAAAEAAAAEAAAAXP7//wgAAAAYAAAADgAAAGF1dGhvcl9jb21wYW55AAAEAAAAbmFtZQAAAAAAAAAAYP7//w4AAABhdXRob3JfY29tcGFueQAA1v7//xQAAABEAAAARAAAAAAAAAVAAAAAAQAAAAQAAADE/v//CAAAABgAAAAMAAAAYXV0aG9yX2VtYWlsAAAAAAQAAABuYW1lAAAAAAAAAADI/v//DAAAAGF1dGhvcl9lbWFpbAAAAAA+////FAAAAEQAAABEAAAAAAAABUAAAAABAAAABAAAACz///8IAAAAGAAAAAwAAABhdXRob3JfbG9naW4AAAAABAAAAG5hbWUAAAAAAAAAADD///8MAAAAYXV0aG9yX2xvZ2luAAAAAKb///8UAAAAPAAAADwAAAAAAAAFOAAAAAEAAAAEAAAAlP///wgAAAAQAAAABgAAAGF1dGhvcgAABAAAAG5hbWUAAAAAAAAAAJD///8GAAAAYXV0aG9yAAAAABIAGAAUAAAAEwAMAAAACAAEABIAAAAUAAAAQAAAAEQAAAAAAAAFQAAAAAEAAAAMAAAACAAMAAgABAAIAAAACAAAAAwAAAACAAAAaWQAAAQAAABuYW1lAAAAAAAAAAAEAAQABAAAAAIAAABpZAAAAAAAAP/////4AQAAFAAAAAAAAAAMABYAFAATAAwABAAMAAAA8AAAAAAAAAAUAAAAAAAAAwMACgAYAAwACAAEAAoAAAAUAAAASAEAAAIAAAAAAAAAAAAAABMAAAAAAAAAAAAAAAAAAAAAAAAAAAAAAAAAAAAQAAAAAAAAABAAAAAAAAAAAAAAAAAAAAAQAAAAAAAAAAAAAAAAAAAAEAAAAAAAAAAQAAAAAAAAACAAAAAAAAAAIAAAAAAAAABAAAAAAAAAAAAAAAAAAAAAQAAAAAAAAAAQAAAAAAAAAFAAAAAAAAAAIAAAAAAAAABwAAAAAAAAAAAAAAAAAAAAcAAAAAAAAAAQAAAAAAAAAIAAAAAAAAAAKAAAAAAAAACoAAAAAAAAAAAAAAAAAAAAqAAAAAAAAAAQAAAAAAAAALgAAAAAAAAAGAAAAAAAAADQAAAAAAAAAAAAAAAAAAAA0AAAAAAAAAAQAAAAAAAAAOAAAAAAAAAAAAAAAAAAAADgAAAAAAAAABAAAAAAAAAAAAAAAAcAAAACAAAAAAAAAAAAAAAAAAAAAgAAAAAAAAAAAAAAAAAAAAIAAAAAAAAAAAAAAAAAAAACAAAAAAAAAAAAAAAAAAAAAgAAAAAAAAAAAAAAAAAAAAIAAAAAAAAAAAAAAAAAAAACAAAAAAAAAAAAAAAAAAAAAAAAAAAAAAAAAAAAAAAAAAAAAAAOAAAAHQAAAAAAAABmaXJzdENvbW1pdHRlcnNlY29uZENvbW1pdHRlcgAAAAAAAAAOAAAAHQAAAAAAAABmaXJzdENvbW1pdHRlcnNlY29uZENvbW1pdHRlcgAAAAAAAAARAAAAIwAAAAAAAABmaXJzdEBleGFtcGxlLmNvbXNlY29uZEBleGFtcGxlLmNvbQAAAAAAAAAAAAkAAAASAAAAAAAAAEFDTUUgQ29ycEFDTUUgQ29ycAAAAAAAAABo7bJVjy4WAAim45uSLhYAGHyjcY8uFgCoXhTilS4WEAAAAAwAFAASAAwACAAEAAwAAAAQAAAALAAAADgAAAAAAAMAAQAAAIgDAAAAAAAAAAIAAAAAAADwAAAAAAAAAAAAAAAAAAAAAAAKAAwAAAAIAAQACgAAAAgAAABUAAAAAgAAACgAAAAEAAAACP3//wgAAAAMAAAAAAAAAAAAAAAFAAAAcmVmSWQAAAAo/f//CAAAABAAAAAHAAAAY29tbWl0cwAEAAAAbmFtZQAAAAAHAAAAkAIAACACAAC0AQAASAEAANwAAABsAAAABAAAAJ79//8UAAAAQAAAAEAAAAAAAAAKQAAAAAEAAAAEAAAAjP3//wgAAAAUAAAACQAAAHB1c2hlZF9hdAAAAAQAAABuYW1lAAAAAAAAAACa////AAADAAkAAABwdXNoZWRfYXQAAAAC/v//FAAAAEAAAABIAAAAAAAACkgAAAABAAAABAAAAPD9//8IAAAAFAAAAAsAAABjb21taXRlZF9hdAAEAAAAbmFtZQAAAAAAAAAAAAAGAAgABgAGAAAAAAADAAsAAABjb21taXRlZF9hdABu/v//FAAAAEQAAABEAAAAAAAABUAAAAABAAAABAAAAFz+//8IAAAAGAAAAA4AAABhdXRob3JfY29tcGFueQAABAAAAG5hbWUAAAAAAAAAAGD+//8OAAAAYXV0aG9yX2NvbXBhbnkAANb+//8UAAAARAAAAEQAAAAAAAAFQAAAAAEAAAAEAAAAxP7//wgAAAAYAAAADAAAAGF1dGhvcl9lbWFpbAAAAAAEAAAAbmFtZQAAAAAAAAAAyP7//wwAAABhdXRob3JfZW1haWwAAAAAPv///xQAAABEAAAARAAAAAAAAAVAAAAAAQAAAAQAAAAs////CAAAABgAAAAMAAAAYXV0aG9yX2xvZ2luAAAAAAQAAABuYW1lAAAAAAAAAAAw////DAAAAGF1dGhvcl9sb2dpbgAAAACm////FAAAADwAAAA8AAAAAAAABTgAAAABAAAABAAAAJT///8IAAAAEAAAAAYAAABhdXRob3IAAAQAAABuYW1lAAAAAAAAAACQ////BgAAAGF1dGhvcgAAAAASABgAFAAAABMADAAAAAgABAASAAAAFAAAAEAAAABEAAAAAAAABUAAAAABAAAADAAAAAgADAAIAAQACAAAAAgAAAAMAAAAAgAAAGlkAAAEAAAAbmFtZQAAAAAAAAAABAAEAAQAAAACAAAAaWQAAKADAABBUlJPVzE=
