ðŸŒŸ This was machine generated.  Do not edit. ðŸŒŸ

Frame[0] 
Name: tags
Dimensions: 9 Fields by 2 Rows
+----------------+----------------+-----------------+--------------------+--------------------+----------------------+---------------------------------+---------------------------------+---------------------------------+
| Name: name     | Name: id       | Name: author    | Name: author_login | Name: author_email | Name: author_company | Name: pushed_at                 | Name: commited_at               | Name: commit_pushed_at          |
| Labels:        | Labels:        | Labels:         | Labels:            | Labels:            | Labels:              | Labels:                         | Labels:                         | Labels:                         |
| Type: []string | Type: []string | Type: []string  | Type: []string     | Type: []string     | Type: []string       | Type: []time.Time               | Type: []time.Time               | Type: []time.Time               |
+----------------+----------------+-----------------+--------------------+--------------------+----------------------+---------------------------------+---------------------------------+---------------------------------+
| v1.0.0         |                | First Committer | firstCommitter     | first@example.com  | ACME Corp            | 2020-08-25 16:21:56 +0000 +0000 | 2020-08-25 16:21:56 +0000 +0000 | 2020-08-25 16:23:56 +0000 +0000 |
| v1.1.0         |                | First Committer | firstCommitter     | first@example.com  | ACME Corp            | 2020-08-25 16:21:56 +0000 +0000 | 2020-08-25 17:21:56 +0000 +0000 | 2020-08-25 18:21:56 +0000 +0000 |
+----------------+----------------+-----------------+--------------------+--------------------+----------------------+---------------------------------+---------------------------------+---------------------------------+


====== TEST DATA RESPONSE (arrow base64) ======
FRAME=QVJST1cxAAD/////SAQAABAAAAAAAAoADgAMAAsABAAKAAAAFAAAAAAAAAEDAAoADAAAAAgABAAKAAAACAAAAFQAAAACAAAAKAAAAAQAAAA8/P//CAAAAAwAAAAAAAAAAAAAAAUAAAByZWZJZAAAAFz8//8IAAAAEAAAAAQAAAB0YWdzAAAAAAQAAABuYW1lAAAAAAkAAABcAwAA9AIAAJgCAAAsAgAAwAEAAFQBAADkAAAAfAAAAAQAAADa/P//FAAAAEgAAABIAAAAAAAACkgAAAABAAAABAAAAMj8//8IAAAAHAAAABAAAABjb21taXRfcHVzaGVkX2F0AAAAAAQAAABuYW1lAAAAAAAAAAAu////AAADABAAAABjb21taXRfcHVzaGVkX2F0AAAAAE79//8UAAAAQAAAAEAAAAAAAAAKQAAAAAEAAAAEAAAAPP3//wgAAAAUAAAACwAAAGNvbW1pdGVkX2F0AAQAAABuYW1lAAAAAAAAAACa////AAADAAsAAABjb21taXRlZF9hdACy/f//FAAAAEAAAABIAAAAAAAACkgAAAABAAAABAAAAKD9//8IAAAAFAAAAAkAAABwdXNoZWRfYXQAAAAEAAAAbmFtZQAAAAAAAAAAAAAGAAgABgAGAAAAAAADAAkAAABwdXNoZWRfYXQAAAAe/v//FAAAAEQAAABEAAAAAAAABUAAAAABAAAABAAAAAz+//8IAAAAGAAAAA4AAABhdXRob3JfY29tcGFueQAABAAAAG5hbWUAAAAAAAAAAAz+//8OAAAAYXV0aG9yX2NvbXBhbnkAAIb+//8UAAAARAAAAEQAAAAAAAAFQAAAAAEAAAAEAAAAdP7//wgAAAAYAAAADAAAAGF1dGhvcl9lbWFpbAAAAAAEAAAAbmFtZQAAAAAAAAAAdP7//wwAAABhdXRob3JfZW1haWwAAAAA7v7//xQAAABEAAAARAAAAAAAAAVAAAAAAQAAAAQAAADc/v//CAAAABgAAAAMAAAAYXV0aG9yX2xvZ2luAAAAAAQAAABuYW1lAAAAAAAAAADc/v//DAAAAGF1dGhvcl9sb2dpbgAAAABW////FAAAADwAAAA8AAAAAAAABTgAAAABAAAABAAAAET///8IAAAAEAAAAAYAAABhdXRob3IAAAQAAABuYW1lAAAAAAAAAAA8////BgAAAGF1dGhvcgAArv///xQAAAA4AAAAOAAAAAAAAAU0AAAAAQAAAAQAAACc////CAAAAAwAAAACAAAAaWQAAAQAAABuYW1lAAAAAAAAAACQ////AgAAAGlkAAAAABIAGAAUAAAAEwAMAAAACAAEABIAAAAUAAAARAAAAEgAAAAAAAAFRAAAAAEAAAAMAAAACAAMAAgABAAIAAAACAAAABAAAAAEAAAAbmFtZQAAAAAEAAAAbmFtZQAAAAAAAAAABAAEAAQAAAAEAAAAbmFtZQAAAAD/////aAIAABQAAAAAAAAADAAWABQAEwAMAAQADAAAACABAAAAAAAAFAAAAAAAAAMDAAoAGAAMAAgABAAKAAAAFAAAAJgBAAACAAAAAAAAAAAAAAAYAAAAAAAAAAAAAAAAAAAAAAAAAAAAAAAAAAAAEAAAAAAAAAAQAAAAAAAAABAAAAAAAAAAIAAAAAAAAAAAAAAAAAAAACAAAAAAAAAAEAAAAAAAAAAwAAAAAAAAAAAAAAAAAAAAMAAAAAAAAAAAAAAAAAAAADAAAAAAAAAAEAAAAAAAAABAAAAAAAAAACAAAAAAAAAAYAAAAAAAAAAAAAAAAAAAAGAAAAAAAAAAEAAAAAAAAABwAAAAAAAAACAAAAAAAAAAkAAAAAAAAAAAAAAAAAAAAJAAAAAAAAAAEAAAAAAAAACgAAAAAAAAACgAAAAAAAAAyAAAAAAAAAAAAAAAAAAAAMgAAAAAAAAAEAAAAAAAAADYAAAAAAAAABgAAAAAAAAA8AAAAAAAAAAAAAAAAAAAAPAAAAAAAAAAEAAAAAAAAAAAAQAAAAAAAAAAAAAAAAAAAAEAAAAAAAAQAAAAAAAAABABAAAAAAAAAAAAAAAAAAAQAQAAAAAAABAAAAAAAAAAAAAAAAkAAAACAAAAAAAAAAAAAAAAAAAAAgAAAAAAAAAAAAAAAAAAAAIAAAAAAAAAAAAAAAAAAAACAAAAAAAAAAAAAAAAAAAAAgAAAAAAAAAAAAAAAAAAAAIAAAAAAAAAAAAAAAAAAAACAAAAAAAAAAAAAAAAAAAAAgAAAAAAAAAAAAAAAAAAAAIAAAAAAAAAAAAAAAAAAAAAAAAABgAAAAwAAAAAAAAAdjEuMC4wdjEuMS4wAAAAAAAAAAAAAAAAAAAAAAAAAAAAAAAADwAAAB4AAAAAAAAARmlyc3QgQ29tbWl0dGVyRmlyc3QgQ29tbWl0dGVyAAAAAAAADgAAABwAAAAAAAAAZmlyc3RDb21taXR0ZXJmaXJzdENvbW1pdHRlcgAAAAAAAAAAEQAAACIAAAAAAAAAZmlyc3RAZXhhbXBsZS5jb21maXJzdEBleGFtcGxlLmNvbQAAAAAAAAAAAAAJAAAAEgAAAAAAAABBQ01FIENvcnBBQ01FIENvcnAAAAAAAAAAaO2yVY8uFgBo7bJVjy4WAGjtslWPLhYACKbjm5IuFgAYfKNxjy4WAKheFOKVLhYQAAAADAAUABIADAAIAAQADAAAABAAAAAsAAAAPAAAAAAAAwABAAAAWAQAAAAAAABwAgAAAAAAACABAAAAAAAAAAAAAAAAAAAAAAAAAAAKAAwAAAAIAAQACgAAAAgAAABUAAAAAgAAACgAAAAEAAAAPPz//wgAAAAMAAAAAAAAAAAAAAAFAAAAcmVmSWQAAABc/P//CAAAABAAAAAEAAAAdGFncwAAAAAEAAAAbmFtZQAAAAAJAAAAXAMAAPQCAACYAgAALAIAAMABAABUAQAA5AAAAHwAAAAEAAAA2vz//xQAAABIAAAASAAAAAAAAApIAAAAAQAAAAQAAADI/P//CAAAABwAAAAQAAAAY29tbWl0X3B1c2hlZF9hdAAAAAAEAAAAbmFtZQAAAAAAAAAALv///wAAAwAQAAAAY29tbWl0X3B1c2hlZF9hdAAAAABO/f//FAAAAEAAAABAAAAAAAAACkAAAAABAAAABAAAADz9//8IAAAAFAAAAAsAAABjb21taXRlZF9hdAAEAAAAbmFtZQAAAAAAAAAAmv///wAAAwALAAAAY29tbWl0ZWRfYXQAsv3//xQAAABAAAAASAAAAAAAAApIAAAAAQAAAAQAAACg/f//CAAAABQAAAAJAAAAcHVzaGVkX2F0AAAABAAAAG5hbWUAAAAAAAAAAAAABgAIAAYABgAAAAAAAwAJAAAAcHVzaGVkX2F0AAAAHv7//xQAAABEAAAARAAAAAAAAAVAAAAAAQAAAAQAAAAM/v//CAAAABgAAAAOAAAAYXV0aG9yX2NvbXBhbnkAAAQAAABuYW1lAAAAAAAAAAAM/v//DgAAAGF1dGhvcl9jb21wYW55AACG/v//FAAAAEQAAABEAAAAAAAABUAAAAABAAAABAAAAHT+//8IAAAAGAAAAAwAAABhdXRob3JfZW1haWwAAAAABAAAAG5hbWUAAAAAAAAAAHT+//8MAAAAYXV0aG9yX2VtYWlsAAAAAO7+//8UAAAARAAAAEQAAAAAAAAFQAAAAAEAAAAEAAAA3P7//wgAAAAYAAAADAAAAGF1dGhvcl9sb2dpbgAAAAAEAAAAbmFtZQAAAAAAAAAA3P7//wwAAABhdXRob3JfbG9naW4AAAAAVv///xQAAAA8AAAAPAAAAAAAAAU4AAAAAQAAAAQAAABE////CAAAABAAAAAGAAAAYXV0aG9yAAAEAAAAbmFtZQAAAAAAAAAAPP///wYAAABhdXRob3IAAK7///8UAAAAOAAAADgAAAAAAAAFNAAAAAEAAAAEAAAAnP///wgAAAAMAAAAAgAAAGlkAAAEAAAAbmFtZQAAAAAAAAAAkP///wIAAABpZAAAAAASABgAFAAAABMADAAAAAgABAASAAAAFAAAAEQAAABIAAAAAAAABUQAAAABAAAADAAAAAgADAAIAAQACAAAAAgAAAAQAAAABAAAAG5hbWUAAAAABAAAAG5hbWUAAAAAAAAAAAQABAAEAAAABAAAAG5hbWUAAAAAeAQAAEFSUk9XMQ==
