ðŸŒŸ This was machine generated.  Do not edit. ðŸŒŸ

Frame[0] 
Name: users
Dimensions: 7 Fields by 2 Rows
+----------------+----------------+----------------+-------------------+-------------------+----------------+--------------------------+
| Name: name     | Name: git_name | Name: login    | Name: email       | Name: git_email   | Name: company  | Name: url                |
| Labels:        | Labels:        | Labels:        | Labels:           | Labels:           | Labels:        | Labels:                  |
| Type: []string | Type: []string | Type: []string | Type: []string    | Type: []string    | Type: []string | Type: []string           |
+----------------+----------------+----------------+-------------------+-------------------+----------------+--------------------------+
| Example User   | Example User   | exuser1        | user1@example.com | user1@example.com | ACME Corp      | https://github.com/user1 |
| Example User2  | Example User2  | exuser2        | user2@example.com | user2@example.com | ACME Corp      | https://github.com/user2 |
+----------------+----------------+----------------+-------------------+-------------------+----------------+--------------------------+


====== TEST DATA RESPONSE (arrow base64) ======
FRAME=QVJST1cxAAD/////MAMAABAAAAAAAAoADgAMAAsABAAKAAAAFAAAAAAAAAEDAAoADAAAAAgABAAKAAAACAAAAFQAAAACAAAAKAAAAAQAAABU/f//CAAAAAwAAAAAAAAAAAAAAAUAAAByZWZJZAAAAHT9//8IAAAAEAAAAAUAAAB1c2VycwAAAAQAAABuYW1lAAAAAAcAAABEAgAA0AEAAHQBAAAYAQAAtAAAAFgAAAAEAAAA6v3//xQAAAA4AAAAOAAAAAAAAAU0AAAAAQAAAAQAAADY/f//CAAAAAwAAAADAAAAdXJsAAQAAABuYW1lAAAAAAAAAADM/f//AwAAAHVybAA6/v//FAAAADwAAAA8AAAAAAAABTgAAAABAAAABAAAACj+//8IAAAAEAAAAAcAAABjb21wYW55AAQAAABuYW1lAAAAAAAAAAAg/v//BwAAAGNvbXBhbnkAkv7//xQAAABAAAAAQAAAAAAAAAU8AAAAAQAAAAQAAACA/v//CAAAABQAAAAJAAAAZ2l0X2VtYWlsAAAABAAAAG5hbWUAAAAAAAAAAHz+//8JAAAAZ2l0X2VtYWlsAAAA8v7//xQAAAA8AAAAPAAAAAAAAAU4AAAAAQAAAAQAAADg/v//CAAAABAAAAAFAAAAZW1haWwAAAAEAAAAbmFtZQAAAAAAAAAA2P7//wUAAABlbWFpbAAAAEr///8UAAAAPAAAADwAAAAAAAAFOAAAAAEAAAAEAAAAOP///wgAAAAQAAAABQAAAGxvZ2luAAAABAAAAG5hbWUAAAAAAAAAADD///8FAAAAbG9naW4AAACi////FAAAAEAAAABAAAAAAAAABTwAAAABAAAABAAAAJD///8IAAAAFAAAAAgAAABnaXRfbmFtZQAAAAAEAAAAbmFtZQAAAAAAAAAAjP///wgAAABnaXRfbmFtZQAAEgAYABQAAAATAAwAAAAIAAQAEgAAABQAAABEAAAASAAAAAAAAAVEAAAAAQAAAAwAAAAIAAwACAAEAAgAAAAIAAAAEAAAAAQAAABuYW1lAAAAAAQAAABuYW1lAAAAAAAAAAAEAAQABAAAAAQAAABuYW1lAAAAAP////8YAgAAFAAAAAAAAAAMABYAFAATAAwABAAMAAAAWAEAAAAAAAAUAAAAAAAAAwMACgAYAAwACAAEAAoAAAAUAAAAaAEAAAIAAAAAAAAAAAAAABUAAAAAAAAAAAAAAAAAAAAAAAAAAAAAAAAAAAAQAAAAAAAAABAAAAAAAAAAIAAAAAAAAAAwAAAAAAAAAAAAAAAAAAAAMAAAAAAAAAAQAAAAAAAAAEAAAAAAAAAAIAAAAAAAAABgAAAAAAAAAAAAAAAAAAAAYAAAAAAAAAAQAAAAAAAAAHAAAAAAAAAAEAAAAAAAAACAAAAAAAAAAAAAAAAAAAAAgAAAAAAAAAAQAAAAAAAAAJAAAAAAAAAAKAAAAAAAAAC4AAAAAAAAAAAAAAAAAAAAuAAAAAAAAAAQAAAAAAAAAMgAAAAAAAAAKAAAAAAAAADwAAAAAAAAAAAAAAAAAAAA8AAAAAAAAAAQAAAAAAAAAAABAAAAAAAAGAAAAAAAAAAYAQAAAAAAAAAAAAAAAAAAGAEAAAAAAAAQAAAAAAAAACgBAAAAAAAAMAAAAAAAAAAAAAAABwAAAAIAAAAAAAAAAAAAAAAAAAACAAAAAAAAAAAAAAAAAAAAAgAAAAAAAAAAAAAAAAAAAAIAAAAAAAAAAAAAAAAAAAACAAAAAAAAAAAAAAAAAAAAAgAAAAAAAAAAAAAAAAAAAAIAAAAAAAAAAAAAAAAAAAAAAAAADAAAABkAAAAAAAAARXhhbXBsZSBVc2VyRXhhbXBsZSBVc2VyMgAAAAAAAAAAAAAADAAAABkAAAAAAAAARXhhbXBsZSBVc2VyRXhhbXBsZSBVc2VyMgAAAAAAAAAAAAAABwAAAA4AAAAAAAAAZXh1c2VyMWV4dXNlcjIAAAAAAAARAAAAIgAAAAAAAAB1c2VyMUBleGFtcGxlLmNvbXVzZXIyQGV4YW1wbGUuY29tAAAAAAAAAAAAABEAAAAiAAAAAAAAAHVzZXIxQGV4YW1wbGUuY29tdXNlcjJAZXhhbXBsZS5jb20AAAAAAAAAAAAACQAAABIAAAAAAAAAQUNNRSBDb3JwQUNNRSBDb3JwAAAAAAAAAAAAABgAAAAwAAAAAAAAAGh0dHBzOi8vZ2l0aHViLmNvbS91c2VyMWh0dHBzOi8vZ2l0aHViLmNvbS91c2VyMhAAAAAMABQAEgAMAAgABAAMAAAAEAAAACwAAAA8AAAAAAADAAEAAABAAwAAAAAAACACAAAAAAAAWAEAAAAAAAAAAAAAAAAAAAAAAAAAAAoADAAAAAgABAAKAAAACAAAAFQAAAACAAAAKAAAAAQAAABU/f//CAAAAAwAAAAAAAAAAAAAAAUAAAByZWZJZAAAAHT9//8IAAAAEAAAAAUAAAB1c2VycwAAAAQAAABuYW1lAAAAAAcAAABEAgAA0AEAAHQBAAAYAQAAtAAAAFgAAAAEAAAA6v3//xQAAAA4AAAAOAAAAAAAAAU0AAAAAQAAAAQAAADY/f//CAAAAAwAAAADAAAAdXJsAAQAAABuYW1lAAAAAAAAAADM/f//AwAAAHVybAA6/v//FAAAADwAAAA8AAAAAAAABTgAAAABAAAABAAAACj+//8IAAAAEAAAAAcAAABjb21wYW55AAQAAABuYW1lAAAAAAAAAAAg/v//BwAAAGNvbXBhbnkAkv7//xQAAABAAAAAQAAAAAAAAAU8AAAAAQAAAAQAAACA/v//CAAAABQAAAAJAAAAZ2l0X2VtYWlsAAAABAAAAG5hbWUAAAAAAAAAAHz+//8JAAAAZ2l0X2VtYWlsAAAA8v7//xQAAAA8AAAAPAAAAAAAAAU4AAAAAQAAAAQAAADg/v//CAAAABAAAAAFAAAAZW1haWwAAAAEAAAAbmFtZQAAAAAAAAAA2P7//wUAAABlbWFpbAAAAEr///8UAAAAPAAAADwAAAAAAAAFOAAAAAEAAAAEAAAAOP///wgAAAAQAAAABQAAAGxvZ2luAAAABAAAAG5hbWUAAAAAAAAAADD///8FAAAAbG9naW4AAACi////FAAAAEAAAABAAAAAAAAABTwAAAABAAAABAAAAJD///8IAAAAFAAAAAgAAABnaXRfbmFtZQAAAAAEAAAAbmFtZQAAAAAAAAAAjP///wgAAABnaXRfbmFtZQAAEgAYABQAAAATAAwAAAAIAAQAEgAAABQAAABEAAAASAAAAAAAAAVEAAAAAQAAAAwAAAAIAAwACAAEAAgAAAAIAAAAEAAAAAQAAABuYW1lAAAAAAQAAABuYW1lAAAAAAAAAAAEAAQABAAAAAQAAABuYW1lAAAAAGADAABBUlJPVzE=
