ðŸŒŸ This was machine generated.  Do not edit. ðŸŒŸ

Frame[0] 
Name: issues
Dimensions: 6 Fields by 2 Rows
+----------------+----------------+----------------------+--------------+---------------------------------+---------------------------------+
| Name: title    | Name: author   | Name: author_company | Name: closed | Name: created_at                | Name: closed_at                 |
| Labels:        | Labels:        | Labels:              | Labels:      | Labels:                         | Labels:                         |
| Type: []string | Type: []string | Type: []string       | Type: []bool | Type: []time.Time               | Type: []*time.Time              |
+----------------+----------------+----------------------+--------------+---------------------------------+---------------------------------+
| Issue #1       | firstUser      | ACME Corp            | false        | 2020-08-25 16:21:56 +0000 +0000 | null                            |
| Issue #2       | secondUser     | ACME Corp            | true         | 2020-08-25 16:21:56 +0000 +0000 | 2020-08-25 22:21:56 +0000 +0000 |
+----------------+----------------+----------------------+--------------+---------------------------------+---------------------------------+


====== TEST DATA RESPONSE (arrow base64) ======
FRAME=QVJST1cxAAD/////GAMAABAAAAAAAAoADgAMAAsABAAKAAAAFAAAAAAAAAEDAAoADAAAAAgABAAKAAAACAAAAFQAAAACAAAAKAAAAAQAAABw/f//CAAAAAwAAAAAAAAAAAAAAAUAAAByZWZJZAAAAJD9//8IAAAAEAAAAAYAAABpc3N1ZXMAAAQAAABuYW1lAAAAAAYAAAAoAgAAuAEAAEwBAADwAAAAgAAAABgAAAAAABIAGAAUABMAEgAMAAAACAAEABIAAAAUAAAAQAAAAEAAAAAAAAoBQAAAAAEAAAAEAAAABP7//wgAAAAUAAAACQAAAGNsb3NlZF9hdAAAAAQAAABuYW1lAAAAAAAAAACa////AAADAAkAAABjbG9zZWRfYXQAAAB6/v//FAAAAEAAAABIAAAAAAAACkgAAAABAAAABAAAAGj+//8IAAAAFAAAAAoAAABjcmVhdGVkX2F0AAAEAAAAbmFtZQAAAAAAAAAAAAAGAAgABgAGAAAAAAADAAoAAABjcmVhdGVkX2F0AADm/v//FAAAADwAAAA8AAAAAAAABjgAAAABAAAABAAAANT+//8IAAAAEAAAAAYAAABjbG9zZWQAAAQAAABuYW1lAAAAAAAAAADM/v//BgAAAGNsb3NlZAAAPv///xQAAABEAAAARAAAAAAAAAVAAAAAAQAAAAQAAAAs////CAAAABgAAAAOAAAAYXV0aG9yX2NvbXBhbnkAAAQAAABuYW1lAAAAAAAAAAAs////DgAAAGF1dGhvcl9jb21wYW55AACm////FAAAADwAAAA8AAAAAAAABTgAAAABAAAABAAAAJT///8IAAAAEAAAAAYAAABhdXRob3IAAAQAAABuYW1lAAAAAAAAAACM////BgAAAGF1dGhvcgAAAAASABgAFAAAABMADAAAAAgABAASAAAAFAAAAEQAAABIAAAAAAAABUQAAAABAAAADAAAAAgADAAIAAQACAAAAAgAAAAQAAAABQAAAHRpdGxlAAAABAAAAG5hbWUAAAAAAAAAAAQABAAEAAAABQAAAHRpdGxlAAAAAAAAAP////+oAQAAFAAAAAAAAAAMABYAFAATAAwABAAMAAAAoAAAAAAAAAAUAAAAAAAAAwMACgAYAAwACAAEAAoAAAAUAAAACAEAAAIAAAAAAAAAAAAAAA8AAAAAAAAAAAAAAAAAAAAAAAAAAAAAAAAAAAAQAAAAAAAAABAAAAAAAAAAEAAAAAAAAAAgAAAAAAAAAAAAAAAAAAAAIAAAAAAAAAAQAAAAAAAAADAAAAAAAAAAGAAAAAAAAABIAAAAAAAAAAAAAAAAAAAASAAAAAAAAAAQAAAAAAAAAFgAAAAAAAAAGAAAAAAAAABwAAAAAAAAAAAAAAAAAAAAcAAAAAAAAAAIAAAAAAAAAHgAAAAAAAAAAAAAAAAAAAB4AAAAAAAAABAAAAAAAAAAiAAAAAAAAAAIAAAAAAAAAJAAAAAAAAAAEAAAAAAAAAAAAAAABgAAAAIAAAAAAAAAAAAAAAAAAAACAAAAAAAAAAAAAAAAAAAAAgAAAAAAAAAAAAAAAAAAAAIAAAAAAAAAAAAAAAAAAAACAAAAAAAAAAAAAAAAAAAAAgAAAAAAAAABAAAAAAAAAAAAAAAIAAAAEAAAAAAAAABJc3N1ZSAjMUlzc3VlICMyAAAAAAkAAAATAAAAAAAAAGZpcnN0VXNlcnNlY29uZFVzZXIAAAAAAAAAAAAJAAAAEgAAAAAAAABBQ01FIENvcnBBQ01FIENvcnAAAAAAAAACAAAAAAAAAABo7bJVjy4WAGjtslWPLhYCAAAAAAAAAAAAAAAAAAAAAChB1/qiLhYQAAAADAAUABIADAAIAAQADAAAABAAAAAsAAAAOAAAAAAAAwABAAAAKAMAAAAAAACwAQAAAAAAAKAAAAAAAAAAAAAAAAAAAAAAAAoADAAAAAgABAAKAAAACAAAAFQAAAACAAAAKAAAAAQAAABw/f//CAAAAAwAAAAAAAAAAAAAAAUAAAByZWZJZAAAAJD9//8IAAAAEAAAAAYAAABpc3N1ZXMAAAQAAABuYW1lAAAAAAYAAAAoAgAAuAEAAEwBAADwAAAAgAAAABgAAAAAABIAGAAUABMAEgAMAAAACAAEABIAAAAUAAAAQAAAAEAAAAAAAAoBQAAAAAEAAAAEAAAABP7//wgAAAAUAAAACQAAAGNsb3NlZF9hdAAAAAQAAABuYW1lAAAAAAAAAACa////AAADAAkAAABjbG9zZWRfYXQAAAB6/v//FAAAAEAAAABIAAAAAAAACkgAAAABAAAABAAAAGj+//8IAAAAFAAAAAoAAABjcmVhdGVkX2F0AAAEAAAAbmFtZQAAAAAAAAAAAAAGAAgABgAGAAAAAAADAAoAAABjcmVhdGVkX2F0AADm/v//FAAAADwAAAA8AAAAAAAABjgAAAABAAAABAAAANT+//8IAAAAEAAAAAYAAABjbG9zZWQAAAQAAABuYW1lAAAAAAAAAADM/v//BgAAAGNsb3NlZAAAPv///xQAAABEAAAARAAAAAAAAAVAAAAAAQAAAAQAAAAs////CAAAABgAAAAOAAAAYXV0aG9yX2NvbXBhbnkAAAQAAABuYW1lAAAAAAAAAAAs////DgAAAGF1dGhvcl9jb21wYW55AACm////FAAAADwAAAA8AAAAAAAABTgAAAABAAAABAAAAJT///8IAAAAEAAAAAYAAABhdXRob3IAAAQAAABuYW1lAAAAAAAAAACM////BgAAAGF1dGhvcgAAAAASABgAFAAAABMADAAAAAgABAASAAAAFAAAAEQAAABIAAAAAAAABUQAAAABAAAADAAAAAgADAAIAAQACAAAAAgAAAAQAAAABQAAAHRpdGxlAAAABAAAAG5hbWUAAAAAAAAAAAQABAAEAAAABQAAAHRpdGxlAAAAQAMAAEFSUk9XMQ==
