ðŸŒŸ This was machine generated.  Do not edit. ðŸŒŸ

Frame[0] 
Name: pull_requests
Dimensions: 18 Fields by 2 Rows
+---------------+----------------+------------------------------------------------------+---------------------------+----------------+--------------------+--------------------+----------------------+--------------+----------------+--------------+--------------+-----------------+---------------------------------+---------------------------------+---------------------------------+---------------------------------+-----------------+
| Name: number  | Name: title    | Name: url                                            | Name: repository          | Name: state    | Name: author_login | Name: author_email | Name: author_company | Name: closed | Name: is_draft | Name: locked | Name: merged | Name: mergeable | Name: closed_at                 | Name: merged_at                 | Name: updated_at                | Name: created_at                | Name: open_time |
| Labels:       | Labels:        | Labels:                                              | Labels:                   | Labels:        | Labels:            | Labels:            | Labels:              | Labels:      | Labels:        | Labels:      | Labels:      | Labels:         | Labels:                         | Labels:                         | Labels:                         | Labels:                         | Labels:         |
| Type: []int64 | Type: []string | Type: []string                                       | Type: []string            | Type: []string | Type: []string     | Type: []string     | Type: []string       | Type: []bool | Type: []bool   | Type: []bool | Type: []bool | Type: []string  | Type: []*time.Time              | Type: []*time.Time              | Type: []time.Time               | Type: []time.Time               | Type: []float64 |
+---------------+----------------+------------------------------------------------------+---------------------------+----------------+--------------------+--------------------+----------------------+--------------+----------------+--------------+--------------+-----------------+---------------------------------+---------------------------------+---------------------------------+---------------------------------+-----------------+
| 1             | PullRequest #1 | https://github.com/grafana/github-datasource/pulls/1 | grafana/github-datasource | OPEN           | testUser           | user@example.com   | ACME corp            | true         | false          | false        | true         | MERGEABLE       | 2020-08-25 14:41:56 +0000 +0000 | 2020-08-25 14:41:56 +0000 +0000 | 2020-08-25 16:21:56 +0000 +0000 | 2020-08-25 16:21:56 +0000 +0000 | -6000           |
| 2             | PullRequest #2 | https://github.com/grafana/github-datasource/pulls/2 | grafana/github-datasource | OPEN           | testUser2          | user2@example.com  | ACME corp            | true         | false          | false        | true         | MERGEABLE       | 2020-08-25 14:41:56 +0000 +0000 | 2020-08-25 14:41:56 +0000 +0000 | 2020-08-25 18:21:56 +0000 +0000 | 2020-08-25 16:21:56 +0000 +0000 | -6000           |
+---------------+----------------+------------------------------------------------------+---------------------------+----------------+--------------------+--------------------+----------------------+--------------+----------------+--------------+--------------+-----------------+---------------------------------+---------------------------------+---------------------------------+---------------------------------+-----------------+


====== TEST DATA RESPONSE (arrow base64) ======
FRAME=QVJST1cxAAD/////+AcAABAAAAAAAAoADgAMAAsABAAKAAAAFAAAAAAAAAEDAAoADAAAAAgABAAKAAAACAAAAFwAAAACAAAAKAAAAAQAAACY+P//CAAAAAwAAAAAAAAAAAAAAAUAAAByZWZJZAAAALj4//8IAAAAGAAAAA0AAABwdWxsX3JlcXVlc3RzAAAABAAAAG5hbWUAAAAAEgAAAPgGAACIBgAANAYAANAFAAB0BQAACAUAAJwEAAAwBAAA1AMAAHADAAAUAwAAuAIAAFQCAADkAQAAbAEAAAQBAACcAAAABAAAAGL5//8UAAAAcAAAAHAAAAAAAAADcAAAAAIAAAAwAAAABAAAAFT5//8IAAAAFAAAAAkAAABvcGVuX3RpbWUAAAAEAAAAbmFtZQAAAAB8+f//CAAAABgAAAAMAAAAeyJ1bml0IjoicyJ9AAAAAAYAAABjb25maWcAAAAAAABe/v//AAACAAkAAABvcGVuX3RpbWUAAAD2+f//FAAAAEAAAABAAAAAAAAACkAAAAABAAAABAAAAOT5//8IAAAAFAAAAAoAAABjcmVhdGVkX2F0AAAEAAAAbmFtZQAAAAAAAAAAwv7//wAAAwAKAAAAY3JlYXRlZF9hdAAAWvr//xQAAABAAAAAQAAAAAAAAApAAAAAAQAAAAQAAABI+v//CAAAABQAAAAKAAAAdXBkYXRlZF9hdAAABAAAAG5hbWUAAAAAAAAAACb///8AAAMACgAAAHVwZGF0ZWRfYXQAAJ7///8UAAAAQAAAAEAAAAAAAAoBQAAAAAEAAAAEAAAArPr//wgAAAAUAAAACQAAAG1lcmdlZF9hdAAAAAQAAABuYW1lAAAAAAAAAACK////AAADAAkAAABtZXJnZWRfYXQAEgAYABQAEwASAAwAAAAIAAQAEgAAABQAAABAAAAASAAAAAAACgFIAAAAAQAAAAQAAAAg+///CAAAABQAAAAJAAAAY2xvc2VkX2F0AAAABAAAAG5hbWUAAAAAAAAAAAAABgAIAAYABgAAAAAAAwAJAAAAY2xvc2VkX2F0AAAAnvv//xQAAABAAAAAQAAAAAAAAAU8AAAAAQAAAAQAAACM+///CAAAABQAAAAJAAAAbWVyZ2VhYmxlAAAABAAAAG5hbWUAAAAAAAAAAPz7//8JAAAAbWVyZ2VhYmxlAAAA/vv//xQAAAA8AAAAPAAAAAAAAAY4AAAAAQAAAAQAAADs+///CAAAABAAAAAGAAAAbWVyZ2VkAAAEAAAAbmFtZQAAAAAAAAAAWPz//wYAAABtZXJnZWQAAFb8//8UAAAAPAAAADwAAAAAAAAGOAAAAAEAAAAEAAAARPz//wgAAAAQAAAABgAAAGxvY2tlZAAABAAAAG5hbWUAAAAAAAAAALD8//8GAAAAbG9ja2VkAACu/P//FAAAAEAAAABAAAAAAAAABjwAAAABAAAABAAAAJz8//8IAAAAFAAAAAgAAABpc19kcmFmdAAAAAAEAAAAbmFtZQAAAAAAAAAADP3//wgAAABpc19kcmFmdAAAAAAO/f//FAAAADwAAAA8AAAAAAAABjgAAAABAAAABAAAAPz8//8IAAAAEAAAAAYAAABjbG9zZWQAAAQAAABuYW1lAAAAAAAAAABo/f//BgAAAGNsb3NlZAAAZv3//xQAAABEAAAARAAAAAAAAAVAAAAAAQAAAAQAAABU/f//CAAAABgAAAAOAAAAYXV0aG9yX2NvbXBhbnkAAAQAAABuYW1lAAAAAAAAAADI/f//DgAAAGF1dGhvcl9jb21wYW55AADO/f//FAAAAEQAAABEAAAAAAAABUAAAAABAAAABAAAALz9//8IAAAAGAAAAAwAAABhdXRob3JfZW1haWwAAAAABAAAAG5hbWUAAAAAAAAAADD+//8MAAAAYXV0aG9yX2VtYWlsAAAAADb+//8UAAAARAAAAEQAAAAAAAAFQAAAAAEAAAAEAAAAJP7//wgAAAAYAAAADAAAAGF1dGhvcl9sb2dpbgAAAAAEAAAAbmFtZQAAAAAAAAAAmP7//wwAAABhdXRob3JfbG9naW4AAAAAnv7//xQAAAA8AAAAPAAAAAAAAAU4AAAAAQAAAAQAAACM/v//CAAAABAAAAAFAAAAc3RhdGUAAAAEAAAAbmFtZQAAAAAAAAAA+P7//wUAAABzdGF0ZQAAAPb+//8UAAAAQAAAAEAAAAAAAAAFPAAAAAEAAAAEAAAA5P7//wgAAAAUAAAACgAAAHJlcG9zaXRvcnkAAAQAAABuYW1lAAAAAAAAAABU////CgAAAHJlcG9zaXRvcnkAAFb///8UAAAAOAAAADgAAAAAAAAFNAAAAAEAAAAEAAAARP///wgAAAAMAAAAAwAAAHVybAAEAAAAbmFtZQAAAAAAAAAArP///wMAAAB1cmwApv///xQAAAA8AAAAQAAAAAAAAAU8AAAAAQAAAAQAAACU////CAAAABAAAAAFAAAAdGl0bGUAAAAEAAAAbmFtZQAAAAAAAAAABAAEAAQAAAAFAAAAdGl0bGUAEgAYABQAAAATAAwAAAAIAAQAEgAAABQAAABEAAAATAAAAAAAAAJQAAAAAQAAAAwAAAAIAAwACAAEAAgAAAAIAAAAEAAAAAYAAABudW1iZXIAAAQAAABuYW1lAAAAAAAAAAAIAAwACAAHAAgAAAAAAAABQAAAAAYAAABudW1iZXIAAP////84BAAAFAAAAAAAAAAMABYAFAATAAwABAAMAAAAOAIAAAAAAAAUAAAAAAAAAwMACgAYAAwACAAEAAoAAAAUAAAA2AIAAAIAAAAAAAAAAAAAACwAAAAAAAAAAAAAAAAAAAAAAAAAAAAAAAAAAAAQAAAAAAAAABAAAAAAAAAAAAAAAAAAAAAQAAAAAAAAABAAAAAAAAAAIAAAAAAAAAAgAAAAAAAAAEAAAAAAAAAAAAAAAAAAAABAAAAAAAAAABAAAAAAAAAAUAAAAAAAAABoAAAAAAAAALgAAAAAAAAAAAAAAAAAAAC4AAAAAAAAABAAAAAAAAAAyAAAAAAAAAA4AAAAAAAAAAABAAAAAAAAAAAAAAAAAAAAAQAAAAAAABAAAAAAAAAAEAEAAAAAAAAIAAAAAAAAABgBAAAAAAAAAAAAAAAAAAAYAQAAAAAAABAAAAAAAAAAKAEAAAAAAAAYAAAAAAAAAEABAAAAAAAAAAAAAAAAAABAAQAAAAAAABAAAAAAAAAAUAEAAAAAAAAoAAAAAAAAAHgBAAAAAAAAAAAAAAAAAAB4AQAAAAAAABAAAAAAAAAAiAEAAAAAAAAYAAAAAAAAAKABAAAAAAAAAAAAAAAAAACgAQAAAAAAAAgAAAAAAAAAqAEAAAAAAAAAAAAAAAAAAKgBAAAAAAAACAAAAAAAAACwAQAAAAAAAAAAAAAAAAAAsAEAAAAAAAAIAAAAAAAAALgBAAAAAAAAAAAAAAAAAAC4AQAAAAAAAAgAAAAAAAAAwAEAAAAAAAAAAAAAAAAAAMABAAAAAAAAEAAAAAAAAADQAQAAAAAAABgAAAAAAAAA6AEAAAAAAAAAAAAAAAAAAOgBAAAAAAAAEAAAAAAAAAD4AQAAAAAAAAAAAAAAAAAA+AEAAAAAAAAQAAAAAAAAAAgCAAAAAAAAAAAAAAAAAAAIAgAAAAAAABAAAAAAAAAAGAIAAAAAAAAAAAAAAAAAABgCAAAAAAAAEAAAAAAAAAAoAgAAAAAAAAAAAAAAAAAAKAIAAAAAAAAQAAAAAAAAAAAAAAASAAAAAgAAAAAAAAAAAAAAAAAAAAIAAAAAAAAAAAAAAAAAAAACAAAAAAAAAAAAAAAAAAAAAgAAAAAAAAAAAAAAAAAAAAIAAAAAAAAAAAAAAAAAAAACAAAAAAAAAAAAAAAAAAAAAgAAAAAAAAAAAAAAAAAAAAIAAAAAAAAAAAAAAAAAAAACAAAAAAAAAAAAAAAAAAAAAgAAAAAAAAAAAAAAAAAAAAIAAAAAAAAAAAAAAAAAAAACAAAAAAAAAAAAAAAAAAAAAgAAAAAAAAAAAAAAAAAAAAIAAAAAAAAAAAAAAAAAAAACAAAAAAAAAAAAAAAAAAAAAgAAAAAAAAAAAAAAAAAAAAIAAAAAAAAAAAAAAAAAAAACAAAAAAAAAAAAAAAAAAAAAQAAAAAAAAACAAAAAAAAAAAAAAAOAAAAHAAAAAAAAABQdWxsUmVxdWVzdCAjMVB1bGxSZXF1ZXN0ICMyAAAAAAAAAAA0AAAAaAAAAAAAAABodHRwczovL2dpdGh1Yi5jb20vZ3JhZmFuYS9naXRodWItZGF0YXNvdXJjZS9wdWxscy8xaHR0cHM6Ly9naXRodWIuY29tL2dyYWZhbmEvZ2l0aHViLWRhdGFzb3VyY2UvcHVsbHMvMgAAAAAZAAAAMgAAAAAAAABncmFmYW5hL2dpdGh1Yi1kYXRhc291cmNlZ3JhZmFuYS9naXRodWItZGF0YXNvdXJjZQAAAAAAAAAAAAAEAAAACAAAAAAAAABPUEVOT1BFTgAAAAAIAAAAEQAAAAAAAAB0ZXN0VXNlcnRlc3RVc2VyMgAAAAAAAAAAAAAAEAAAACEAAAAAAAAAdXNlckBleGFtcGxlLmNvbXVzZXIyQGV4YW1wbGUuY29tAAAAAAAAAAAAAAAJAAAAEgAAAAAAAABBQ01FIGNvcnBBQ01FIGNvcnAAAAAAAAADAAAAAAAAAAAAAAAAAAAAAAAAAAAAAAADAAAAAAAAAAAAAAAJAAAAEgAAAAAAAABNRVJHRUFCTEVNRVJHRUFCTEUAAAAAAAAACA+34IkuFgAID7fgiS4WAAgPt+CJLhYACA+34IkuFgBo7bJVjy4WAKheFOKVLhYAaO2yVY8uFgBo7bJVjy4WAAAAAABwt8AAAAAAAHC3wBAAAAAMABQAEgAMAAgABAAMAAAAEAAAACwAAAA8AAAAAAADAAEAAAAICAAAAAAAAEAEAAAAAAAAOAIAAAAAAAAAAAAAAAAAAAAAAAAAAAoADAAAAAgABAAKAAAACAAAAFwAAAACAAAAKAAAAAQAAACY+P//CAAAAAwAAAAAAAAAAAAAAAUAAAByZWZJZAAAALj4//8IAAAAGAAAAA0AAABwdWxsX3JlcXVlc3RzAAAABAAAAG5hbWUAAAAAEgAAAPgGAACIBgAANAYAANAFAAB0BQAACAUAAJwEAAAwBAAA1AMAAHADAAAUAwAAuAIAAFQCAADkAQAAbAEAAAQBAACcAAAABAAAAGL5//8UAAAAcAAAAHAAAAAAAAADcAAAAAIAAAAwAAAABAAAAFT5//8IAAAAFAAAAAkAAABvcGVuX3RpbWUAAAAEAAAAbmFtZQAAAAB8+f//CAAAABgAAAAMAAAAeyJ1bml0IjoicyJ9AAAAAAYAAABjb25maWcAAAAAAABe/v//AAACAAkAAABvcGVuX3RpbWUAAAD2+f//FAAAAEAAAABAAAAAAAAACkAAAAABAAAABAAAAOT5//8IAAAAFAAAAAoAAABjcmVhdGVkX2F0AAAEAAAAbmFtZQAAAAAAAAAAwv7//wAAAwAKAAAAY3JlYXRlZF9hdAAAWvr//xQAAABAAAAAQAAAAAAAAApAAAAAAQAAAAQAAABI+v//CAAAABQAAAAKAAAAdXBkYXRlZF9hdAAABAAAAG5hbWUAAAAAAAAAACb///8AAAMACgAAAHVwZGF0ZWRfYXQAAJ7///8UAAAAQAAAAEAAAAAAAAoBQAAAAAEAAAAEAAAArPr//wgAAAAUAAAACQAAAG1lcmdlZF9hdAAAAAQAAABuYW1lAAAAAAAAAACK////AAADAAkAAABtZXJnZWRfYXQAEgAYABQAEwASAAwAAAAIAAQAEgAAABQAAABAAAAASAAAAAAACgFIAAAAAQAAAAQAAAAg+///CAAAABQAAAAJAAAAY2xvc2VkX2F0AAAABAAAAG5hbWUAAAAAAAAAAAAABgAIAAYABgAAAAAAAwAJAAAAY2xvc2VkX2F0AAAAnvv//xQAAABAAAAAQAAAAAAAAAU8AAAAAQAAAAQAAACM+///CAAAABQAAAAJAAAAbWVyZ2VhYmxlAAAABAAAAG5hbWUAAAAAAAAAAPz7//8JAAAAbWVyZ2VhYmxlAAAA/vv//xQAAAA8AAAAPAAAAAAAAAY4AAAAAQAAAAQAAADs+///CAAAABAAAAAGAAAAbWVyZ2VkAAAEAAAAbmFtZQAAAAAAAAAAWPz//wYAAABtZXJnZWQAAFb8//8UAAAAPAAAADwAAAAAAAAGOAAAAAEAAAAEAAAARPz//wgAAAAQAAAABgAAAGxvY2tlZAAABAAAAG5hbWUAAAAAAAAAALD8//8GAAAAbG9ja2VkAACu/P//FAAAAEAAAABAAAAAAAAABjwAAAABAAAABAAAAJz8//8IAAAAFAAAAAgAAABpc19kcmFmdAAAAAAEAAAAbmFtZQAAAAAAAAAADP3//wgAAABpc19kcmFmdAAAAAAO/f//FAAAADwAAAA8AAAAAAAABjgAAAABAAAABAAAAPz8//8IAAAAEAAAAAYAAABjbG9zZWQAAAQAAABuYW1lAAAAAAAAAABo/f//BgAAAGNsb3NlZAAAZv3//xQAAABEAAAARAAAAAAAAAVAAAAAAQAAAAQAAABU/f//CAAAABgAAAAOAAAAYXV0aG9yX2NvbXBhbnkAAAQAAABuYW1lAAAAAAAAAADI/f//DgAAAGF1dGhvcl9jb21wYW55AADO/f//FAAAAEQAAABEAAAAAAAABUAAAAABAAAABAAAALz9//8IAAAAGAAAAAwAAABhdXRob3JfZW1haWwAAAAABAAAAG5hbWUAAAAAAAAAADD+//8MAAAAYXV0aG9yX2VtYWlsAAAAADb+//8UAAAARAAAAEQAAAAAAAAFQAAAAAEAAAAEAAAAJP7//wgAAAAYAAAADAAAAGF1dGhvcl9sb2dpbgAAAAAEAAAAbmFtZQAAAAAAAAAAmP7//wwAAABhdXRob3JfbG9naW4AAAAAnv7//xQAAAA8AAAAPAAAAAAAAAU4AAAAAQAAAAQAAACM/v//CAAAABAAAAAFAAAAc3RhdGUAAAAEAAAAbmFtZQAAAAAAAAAA+P7//wUAAABzdGF0ZQAAAPb+//8UAAAAQAAAAEAAAAAAAAAFPAAAAAEAAAAEAAAA5P7//wgAAAAUAAAACgAAAHJlcG9zaXRvcnkAAAQAAABuYW1lAAAAAAAAAABU////CgAAAHJlcG9zaXRvcnkAAFb///8UAAAAOAAAADgAAAAAAAAFNAAAAAEAAAAEAAAARP///wgAAAAMAAAAAwAAAHVybAAEAAAAbmFtZQAAAAAAAAAArP///wMAAAB1cmwApv///xQAAAA8AAAAQAAAAAAAAAU8AAAAAQAAAAQAAACU////CAAAABAAAAAFAAAAdGl0bGUAAAAEAAAAbmFtZQAAAAAAAAAABAAEAAQAAAAFAAAAdGl0bGUAEgAYABQAAAATAAwAAAAIAAQAEgAAABQAAABEAAAATAAAAAAAAAJQAAAAAQAAAAwAAAAIAAwACAAEAAgAAAAIAAAAEAAAAAYAAABudW1iZXIAAAQAAABuYW1lAAAAAAAAAAAIAAwACAAHAAgAAAAAAAABQAAAAAYAAABudW1iZXIAACgIAABBUlJPVzE=
