ðŸŒŸ This was machine generated.  Do not edit. ðŸŒŸ

Frame[0] 
Name: releases
Dimensions: 8 Fields by 2 Rows
+----------------+------------------+----------------+---------------------+----------------+----------------------------+---------------------------------+---------------------------------+
| Name: name     | Name: created_by | Name: is_draft | Name: is_prerelease | Name: tag      | Name: url                  | Name: created_at                | Name: published_at              |
| Labels:        | Labels:          | Labels:        | Labels:             | Labels:        | Labels:                    | Labels:                         | Labels:                         |
| Type: []string | Type: []string   | Type: []bool   | Type: []bool        | Type: []string | Type: []string             | Type: []time.Time               | Type: []*time.Time              |
+----------------+------------------+----------------+---------------------+----------------+----------------------------+---------------------------------+---------------------------------+
| Release #1     | exampleUser      | true           | false               | v1.0.0         | https://example.com/v1.0.0 | 2020-08-25 16:21:56 +0000 +0000 | null                            |
| Release #2     | exampleUser      | true           | false               | v1.1.0         | https://example.com/v1.1.0 | 2020-08-25 16:21:56 +0000 +0000 | 2020-08-25 17:21:56 +0000 +0000 |
+----------------+------------------+----------------+---------------------+----------------+----------------------------+---------------------------------+---------------------------------+


====== TEST DATA RESPONSE (arrow base64) ======
FRAME=QVJST1cxAAD/////2AMAABAAAAAAAAoADgAMAAsABAAKAAAAFAAAAAAAAAEDAAoADAAAAAgABAAKAAAACAAAAFgAAAACAAAAKAAAAAQAAACs/P//CAAAAAwAAAAAAAAAAAAAAAUAAAByZWZJZAAAAMz8//8IAAAAFAAAAAgAAAByZWxlYXNlcwAAAAAEAAAAbmFtZQAAAAAIAAAA6AIAAHACAAAMAgAAoAEAAEwBAAD4AAAAiAAAABgAAAAAABIAGAAUABMAEgAMAAAACAAEABIAAAAUAAAARAAAAEQAAAAAAAoBRAAAAAEAAAAEAAAATP3//wgAAAAYAAAADAAAAHB1Ymxpc2hlZF9hdAAAAAAEAAAAbmFtZQAAAAAAAAAAlv///wAAAwAMAAAAcHVibGlzaGVkX2F0AAAAAMr9//8UAAAAQAAAAEgAAAAAAAAKSAAAAAEAAAAEAAAAuP3//wgAAAAUAAAACgAAAGNyZWF0ZWRfYXQAAAQAAABuYW1lAAAAAAAAAAAAAAYACAAGAAYAAAAAAAMACgAAAGNyZWF0ZWRfYXQAADb+//8UAAAAOAAAADgAAAAAAAAFNAAAAAEAAAAEAAAAJP7//wgAAAAMAAAAAwAAAHVybAAEAAAAbmFtZQAAAAAAAAAAGP7//wMAAAB1cmwAhv7//xQAAAA4AAAAOAAAAAAAAAU0AAAAAQAAAAQAAAB0/v//CAAAAAwAAAADAAAAdGFnAAQAAABuYW1lAAAAAAAAAABo/v//AwAAAHRhZwDW/v//FAAAAEQAAABEAAAAAAAABkAAAAABAAAABAAAAMT+//8IAAAAGAAAAA0AAABpc19wcmVyZWxlYXNlAAAABAAAAG5hbWUAAAAAAAAAAMT+//8NAAAAaXNfcHJlcmVsZWFzZQAAAD7///8UAAAAQAAAAEAAAAAAAAAGPAAAAAEAAAAEAAAALP///wgAAAAUAAAACAAAAGlzX2RyYWZ0AAAAAAQAAABuYW1lAAAAAAAAAAAo////CAAAAGlzX2RyYWZ0AAAAAJ7///8UAAAAQAAAAEAAAAAAAAAFPAAAAAEAAAAEAAAAjP///wgAAAAUAAAACgAAAGNyZWF0ZWRfYnkAAAQAAABuYW1lAAAAAAAAAACI////CgAAAGNyZWF0ZWRfYnkAAAAAEgAYABQAAAATAAwAAAAIAAQAEgAAABQAAABEAAAASAAAAAAAAAVEAAAAAQAAAAwAAAAIAAwACAAEAAgAAAAIAAAAEAAAAAQAAABuYW1lAAAAAAQAAABuYW1lAAAAAAAAAAAEAAQABAAAAAQAAABuYW1lAAAAAP////8YAgAAFAAAAAAAAAAMABYAFAATAAwABAAMAAAA8AAAAAAAAAAUAAAAAAAAAwMACgAYAAwACAAEAAoAAAAUAAAAWAEAAAIAAAAAAAAAAAAAABQAAAAAAAAAAAAAAAAAAAAAAAAAAAAAAAAAAAAQAAAAAAAAABAAAAAAAAAAGAAAAAAAAAAoAAAAAAAAAAAAAAAAAAAAKAAAAAAAAAAQAAAAAAAAADgAAAAAAAAAGAAAAAAAAABQAAAAAAAAAAAAAAAAAAAAUAAAAAAAAAAIAAAAAAAAAFgAAAAAAAAAAAAAAAAAAABYAAAAAAAAAAgAAAAAAAAAYAAAAAAAAAAAAAAAAAAAAGAAAAAAAAAAEAAAAAAAAABwAAAAAAAAABAAAAAAAAAAgAAAAAAAAAAAAAAAAAAAAIAAAAAAAAAAEAAAAAAAAACQAAAAAAAAADgAAAAAAAAAyAAAAAAAAAAAAAAAAAAAAMgAAAAAAAAAEAAAAAAAAADYAAAAAAAAAAgAAAAAAAAA4AAAAAAAAAAQAAAAAAAAAAAAAAAIAAAAAgAAAAAAAAAAAAAAAAAAAAIAAAAAAAAAAAAAAAAAAAACAAAAAAAAAAAAAAAAAAAAAgAAAAAAAAAAAAAAAAAAAAIAAAAAAAAAAAAAAAAAAAACAAAAAAAAAAAAAAAAAAAAAgAAAAAAAAAAAAAAAAAAAAIAAAAAAAAAAQAAAAAAAAAAAAAACgAAABQAAAAAAAAAUmVsZWFzZSAjMVJlbGVhc2UgIzIAAAAAAAAAAAsAAAAWAAAAAAAAAGV4YW1wbGVVc2VyZXhhbXBsZVVzZXIAAAMAAAAAAAAAAAAAAAAAAAAAAAAABgAAAAwAAAAAAAAAdjEuMC4wdjEuMS4wAAAAAAAAAAAaAAAANAAAAAAAAABodHRwczovL2V4YW1wbGUuY29tL3YxLjAuMGh0dHBzOi8vZXhhbXBsZS5jb20vdjEuMS4wAAAAAABo7bJVjy4WAGjtslWPLhYCAAAAAAAAAAAAAAAAAAAAAAim45uSLhYQAAAADAAUABIADAAIAAQADAAAABAAAAAsAAAAPAAAAAAAAwABAAAA6AMAAAAAAAAgAgAAAAAAAPAAAAAAAAAAAAAAAAAAAAAAAAAAAAAKAAwAAAAIAAQACgAAAAgAAABYAAAAAgAAACgAAAAEAAAArPz//wgAAAAMAAAAAAAAAAAAAAAFAAAAcmVmSWQAAADM/P//CAAAABQAAAAIAAAAcmVsZWFzZXMAAAAABAAAAG5hbWUAAAAACAAAAOgCAABwAgAADAIAAKABAABMAQAA+AAAAIgAAAAYAAAAAAASABgAFAATABIADAAAAAgABAASAAAAFAAAAEQAAABEAAAAAAAKAUQAAAABAAAABAAAAEz9//8IAAAAGAAAAAwAAABwdWJsaXNoZWRfYXQAAAAABAAAAG5hbWUAAAAAAAAAAJb///8AAAMADAAAAHB1Ymxpc2hlZF9hdAAAAADK/f//FAAAAEAAAABIAAAAAAAACkgAAAABAAAABAAAALj9//8IAAAAFAAAAAoAAABjcmVhdGVkX2F0AAAEAAAAbmFtZQAAAAAAAAAAAAAGAAgABgAGAAAAAAADAAoAAABjcmVhdGVkX2F0AAA2/v//FAAAADgAAAA4AAAAAAAABTQAAAABAAAABAAAACT+//8IAAAADAAAAAMAAAB1cmwABAAAAG5hbWUAAAAAAAAAABj+//8DAAAAdXJsAIb+//8UAAAAOAAAADgAAAAAAAAFNAAAAAEAAAAEAAAAdP7//wgAAAAMAAAAAwAAAHRhZwAEAAAAbmFtZQAAAAAAAAAAaP7//wMAAAB0YWcA1v7//xQAAABEAAAARAAAAAAAAAZAAAAAAQAAAAQAAADE/v//CAAAABgAAAANAAAAaXNfcHJlcmVsZWFzZQAAAAQAAABuYW1lAAAAAAAAAADE/v//DQAAAGlzX3ByZXJlbGVhc2UAAAA+////FAAAAEAAAABAAAAAAAAABjwAAAABAAAABAAAACz///8IAAAAFAAAAAgAAABpc19kcmFmdAAAAAAEAAAAbmFtZQAAAAAAAAAAKP///wgAAABpc19kcmFmdAAAAACe////FAAAAEAAAABAAAAAAAAABTwAAAABAAAABAAAAIz///8IAAAAFAAAAAoAAABjcmVhdGVkX2J5AAAEAAAAbmFtZQAAAAAAAAAAiP///woAAABjcmVhdGVkX2J5AAAAABIAGAAUAAAAEwAMAAAACAAEABIAAAAUAAAARAAAAEgAAAAAAAAFRAAAAAEAAAAMAAAACAAMAAgABAAIAAAACAAAABAAAAAEAAAAbmFtZQAAAAAEAAAAbmFtZQAAAAAAAAAABAAEAAQAAAAEAAAAbmFtZQAAAAAIBAAAQVJST1cx
