ðŸŒŸ This was machine generated.  Do not edit. ðŸŒŸ

Frame[0] 
Name: repositories
Dimensions: 9 Fields by 2 Rows
+----------------+----------------+-----------------------+----------------------------+---------------+---------------+-----------------+------------------+---------------------------------+
| Name: name     | Name: owner    | Name: name_with_owner | Name: url                  | Name: forks   | Name: is_fork | Name: is_mirror | Name: is_private | Name: created_at                |
| Labels:        | Labels:        | Labels:               | Labels:                    | Labels:       | Labels:       | Labels:         | Labels:          | Labels:                         |
| Type: []string | Type: []string | Type: []string        | Type: []string             | Type: []int64 | Type: []bool  | Type: []bool    | Type: []bool     | Type: []time.Time               |
+----------------+----------------+-----------------------+----------------------------+---------------+---------------+-----------------+------------------+---------------------------------+
| grafana        | grafana        | grafana/grafana       | github.com/grafana/grafana | 10            | true          | true            | false            | 2020-08-25 16:21:56 +0000 +0000 |
| loki           | grafana        | grafana/loki          | github.com/grafana/loki    | 12            | true          | true            | false            | 2020-08-25 16:21:56 +0000 +0000 |
+----------------+----------------+-----------------------+----------------------------+---------------+---------------+-----------------+------------------+---------------------------------+


====== TEST DATA RESPONSE (arrow base64) ======
FRAME=QVJST1cxAAD/////KAQAABAAAAAAAAoADgAMAAsABAAKAAAAFAAAAAAAAAEDAAoADAAAAAgABAAKAAAACAAAAFwAAAACAAAAKAAAAAQAAABg/P//CAAAAAwAAAAAAAAAAAAAAAUAAAByZWZJZAAAAID8//8IAAAAGAAAAAwAAAByZXBvc2l0b3JpZXMAAAAABAAAAG5hbWUAAAAACQAAADADAADEAgAAWAIAAAQCAACYAQAAPAEAANgAAAB0AAAABAAAAAb9//8UAAAAQAAAAEgAAAAAAAAKSAAAAAEAAAAEAAAA9Pz//wgAAAAUAAAACgAAAGNyZWF0ZWRfYXQAAAQAAABuYW1lAAAAAAAAAAAAAAYACAAGAAYAAAAAAAMACgAAAGNyZWF0ZWRfYXQAAHL9//8UAAAAQAAAAEAAAAAAAAAGPAAAAAEAAAAEAAAAYP3//wgAAAAUAAAACgAAAGlzX3ByaXZhdGUAAAQAAABuYW1lAAAAAAAAAABc/f//CgAAAGlzX3ByaXZhdGUAANL9//8UAAAAQAAAAEAAAAAAAAAGPAAAAAEAAAAEAAAAwP3//wgAAAAUAAAACQAAAGlzX21pcnJvcgAAAAQAAABuYW1lAAAAAAAAAAC8/f//CQAAAGlzX21pcnJvcgAAADL+//8UAAAAPAAAADwAAAAAAAAGOAAAAAEAAAAEAAAAIP7//wgAAAAQAAAABwAAAGlzX2ZvcmsABAAAAG5hbWUAAAAAAAAAABj+//8HAAAAaXNfZm9yawCK/v//FAAAADwAAABEAAAAAAAAAkgAAAABAAAABAAAAHj+//8IAAAAEAAAAAUAAABmb3JrcwAAAAQAAABuYW1lAAAAAAAAAAAIAAwACAAHAAgAAAAAAAABQAAAAAUAAABmb3JrcwAAAPL+//8UAAAAOAAAADgAAAAAAAAFNAAAAAEAAAAEAAAA4P7//wgAAAAMAAAAAwAAAHVybAAEAAAAbmFtZQAAAAAAAAAA1P7//wMAAAB1cmwAQv///xQAAABEAAAARAAAAAAAAAVAAAAAAQAAAAQAAAAw////CAAAABgAAAAPAAAAbmFtZV93aXRoX293bmVyAAQAAABuYW1lAAAAAAAAAAAw////DwAAAG5hbWVfd2l0aF9vd25lcgCq////FAAAADwAAAA8AAAAAAAABTgAAAABAAAABAAAAJj///8IAAAAEAAAAAUAAABvd25lcgAAAAQAAABuYW1lAAAAAAAAAACQ////BQAAAG93bmVyABIAGAAUAAAAEwAMAAAACAAEABIAAAAUAAAARAAAAEgAAAAAAAAFRAAAAAEAAAAMAAAACAAMAAgABAAIAAAACAAAABAAAAAEAAAAbmFtZQAAAAAEAAAAbmFtZQAAAAAAAAAABAAEAAQAAAAEAAAAbmFtZQAAAAAAAAAA/////0gCAAAUAAAAAAAAAAwAFgAUABMADAAEAAwAAADwAAAAAAAAABQAAAAAAAADAwAKABgADAAIAAQACgAAABQAAAB4AQAAAgAAAAAAAAAAAAAAFgAAAAAAAAAAAAAAAAAAAAAAAAAAAAAAAAAAABAAAAAAAAAAEAAAAAAAAAAQAAAAAAAAACAAAAAAAAAAAAAAAAAAAAAgAAAAAAAAABAAAAAAAAAAMAAAAAAAAAAQAAAAAAAAAEAAAAAAAAAAAAAAAAAAAABAAAAAAAAAABAAAAAAAAAAUAAAAAAAAAAgAAAAAAAAAHAAAAAAAAAAAAAAAAAAAABwAAAAAAAAABAAAAAAAAAAgAAAAAAAAAA4AAAAAAAAALgAAAAAAAAAAAAAAAAAAAC4AAAAAAAAABAAAAAAAAAAyAAAAAAAAAAAAAAAAAAAAMgAAAAAAAAACAAAAAAAAADQAAAAAAAAAAAAAAAAAAAA0AAAAAAAAAAIAAAAAAAAANgAAAAAAAAAAAAAAAAAAADYAAAAAAAAAAgAAAAAAAAA4AAAAAAAAAAAAAAAAAAAAOAAAAAAAAAAEAAAAAAAAAAAAAAACQAAAAIAAAAAAAAAAAAAAAAAAAACAAAAAAAAAAAAAAAAAAAAAgAAAAAAAAAAAAAAAAAAAAIAAAAAAAAAAAAAAAAAAAACAAAAAAAAAAAAAAAAAAAAAgAAAAAAAAAAAAAAAAAAAAIAAAAAAAAAAAAAAAAAAAACAAAAAAAAAAAAAAAAAAAAAgAAAAAAAAAAAAAAAAAAAAAAAAAHAAAACwAAAAAAAABncmFmYW5hbG9raQAAAAAAAAAAAAcAAAAOAAAAAAAAAGdyYWZhbmFncmFmYW5hAAAAAAAADwAAABsAAAAAAAAAZ3JhZmFuYS9ncmFmYW5hZ3JhZmFuYS9sb2tpAAAAAAAAAAAAGgAAADEAAAAAAAAAZ2l0aHViLmNvbS9ncmFmYW5hL2dyYWZhbmFnaXRodWIuY29tL2dyYWZhbmEvbG9raQAAAAAAAAAKAAAAAAAAAAwAAAAAAAAAAwAAAAAAAAADAAAAAAAAAAAAAAAAAAAAAGjtslWPLhYAaO2yVY8uFhAAAAAMABQAEgAMAAgABAAMAAAAEAAAACwAAAA4AAAAAAADAAEAAAA4BAAAAAAAAFACAAAAAAAA8AAAAAAAAAAAAAAAAAAAAAAACgAMAAAACAAEAAoAAAAIAAAAXAAAAAIAAAAoAAAABAAAAGD8//8IAAAADAAAAAAAAAAAAAAABQAAAHJlZklkAAAAgPz//wgAAAAYAAAADAAAAHJlcG9zaXRvcmllcwAAAAAEAAAAbmFtZQAAAAAJAAAAMAMAAMQCAABYAgAABAIAAJgBAAA8AQAA2AAAAHQAAAAEAAAABv3//xQAAABAAAAASAAAAAAAAApIAAAAAQAAAAQAAAD0/P//CAAAABQAAAAKAAAAY3JlYXRlZF9hdAAABAAAAG5hbWUAAAAAAAAAAAAABgAIAAYABgAAAAAAAwAKAAAAY3JlYXRlZF9hdAAAcv3//xQAAABAAAAAQAAAAAAAAAY8AAAAAQAAAAQAAABg/f//CAAAABQAAAAKAAAAaXNfcHJpdmF0ZQAABAAAAG5hbWUAAAAAAAAAAFz9//8KAAAAaXNfcHJpdmF0ZQAA0v3//xQAAABAAAAAQAAAAAAAAAY8AAAAAQAAAAQAAADA/f//CAAAABQAAAAJAAAAaXNfbWlycm9yAAAABAAAAG5hbWUAAAAAAAAAALz9//8JAAAAaXNfbWlycm9yAAAAMv7//xQAAAA8AAAAPAAAAAAAAAY4AAAAAQAAAAQAAAAg/v//CAAAABAAAAAHAAAAaXNfZm9yawAEAAAAbmFtZQAAAAAAAAAAGP7//wcAAABpc19mb3JrAIr+//8UAAAAPAAAAEQAAAAAAAACSAAAAAEAAAAEAAAAeP7//wgAAAAQAAAABQAAAGZvcmtzAAAABAAAAG5hbWUAAAAAAAAAAAgADAAIAAcACAAAAAAAAAFAAAAABQAAAGZvcmtzAAAA8v7//xQAAAA4AAAAOAAAAAAAAAU0AAAAAQAAAAQAAADg/v//CAAAAAwAAAADAAAAdXJsAAQAAABuYW1lAAAAAAAAAADU/v//AwAAAHVybABC////FAAAAEQAAABEAAAAAAAABUAAAAABAAAABAAAADD///8IAAAAGAAAAA8AAABuYW1lX3dpdGhfb3duZXIABAAAAG5hbWUAAAAAAAAAADD///8PAAAAbmFtZV93aXRoX293bmVyAKr///8UAAAAPAAAADwAAAAAAAAFOAAAAAEAAAAEAAAAmP///wgAAAAQAAAABQAAAG93bmVyAAAABAAAAG5hbWUAAAAAAAAAAJD///8FAAAAb3duZXIAEgAYABQAAAATAAwAAAAIAAQAEgAAABQAAABEAAAASAAAAAAAAAVEAAAAAQAAAAwAAAAIAAwACAAEAAgAAAAIAAAAEAAAAAQAAABuYW1lAAAAAAQAAABuYW1lAAAAAAAAAAAEAAQABAAAAAQAAABuYW1lAAAAAFAEAABBUlJPVzE=
